// Jest Snapshot v1, https://goo.gl/fbAQLP

exports[`Parses the kitchen sink 1`] = `
Object {
  "body": Array [
    Object {
      "type": "annotation",
      "value": "RootComponent",
    },
    Object {
      "lhs": Object {
        "location": Object {
          "end": Object {
            "column": 14,
            "line": 4,
          },
          "start": Object {
            "column": 11,
            "line": 4,
          },
        },
        "type": "identifier",
        "value": "foo",
      },
      "rhs": Object {
        "items": Array [
          Object {
            "location": Object {
              "end": Object {
                "column": 21,
                "line": 4,
              },
              "start": Object {
                "column": 17,
                "line": 4,
              },
            },
            "type": "identifier",
            "value": "bizz",
          },
          Object {
            "location": Object {
              "end": Object {
                "column": 27,
                "line": 4,
              },
              "start": Object {
                "column": 23,
                "line": 4,
              },
            },
            "type": "identifier",
            "value": "bazz",
          },
          Object {
            "location": Object {
              "end": Object {
                "column": 33,
                "line": 4,
              },
              "start": Object {
                "column": 29,
                "line": 4,
              },
            },
            "type": "identifier",
            "value": "buzz",
          },
        ],
        "type": "list",
      },
      "type": "assignment",
    },
    Object {
      "lhs": Object {
        "location": Object {
          "end": Object {
            "column": 14,
            "line": 5,
          },
          "start": Object {
            "column": 11,
            "line": 5,
          },
        },
        "type": "identifier",
        "value": "bar",
      },
      "rhs": Object {
        "location": Object {
          "end": Object {
            "column": 20,
            "line": 5,
          },
          "start": Object {
            "column": 17,
            "line": 5,
          },
        },
        "type": "identifier",
        "value": "car",
      },
      "type": "assignment",
    },
    Object {
      "lhs": Object {
        "location": Object {
          "end": Object {
            "column": 14,
            "line": 6,
          },
          "start": Object {
            "column": 11,
            "line": 6,
          },
        },
        "type": "identifier",
        "value": "jar",
      },
      "rhs": Object {
        "location": Object {
          "end": Object {
            "column": 23,
            "line": 6,
          },
          "start": Object {
            "column": 17,
            "line": 6,
          },
        },
        "type": "string",
        "value": "test",
      },
      "type": "assignment",
    },
  ],
  "type": "MagentoDirective",
}
`;
